[scraper] Discovering pin IDs from pages 1–574...
[discover] Fetching list page 1 (1/574)...
[discover] Fetching list page 2 (2/574)...
[discover] Fetching list page 3 (3/574)...
[pintradingdb] Unexpected status 508 for 'list page 3' (attempt 1/5)
[discover] Fetching list page 4 (4/574)...
[discover] Fetching list page 5 (5/574)...
[discover] Fetching list page 6 (6/574)...
[discover] Fetching list page 7 (7/574)...
[discover] Fetching list page 8 (8/574)...
[discover] Fetching list page 9 (9/574)...
[discover] Fetching list page 10 (10/574)...
[discover] Progress: 10/574 pages, 1000 pins found
[discover] Fetching list page 11 (11/574)...
[discover] Fetching list page 12 (12/574)...
[discover] Fetching list page 13 (13/574)...
[discover] Fetching list page 14 (14/574)...
[discover] Fetching list page 15 (15/574)...
[discover] Fetching list page 16 (16/574)...
[pintradingdb] Unexpected status 508 for 'list page 16' (attempt 1/5)
[discover] Fetching list page 17 (17/574)...
[pintradingdb] Unexpected status 508 for 'list page 17' (attempt 1/5)
[pintradingdb] Unexpected status 508 for 'list page 17' (attempt 2/5)
[pintradingdb] Unexpected status 508 for 'list page 17' (attempt 3/5)
[discover] Fetching list page 18 (18/574)...
[discover] Fetching list page 19 (19/574)...
[pintradingdb] Unexpected status 508 for 'list page 19' (attempt 1/5)
[pintradingdb] Unexpected status 508 for 'list page 19' (attempt 2/5)
[discover] Fetching list page 20 (20/574)...
[pintradingdb] Unexpected status 508 for 'list page 20' (attempt 1/5)
[discover] Progress: 20/574 pages, 2000 pins found
[discover] Fetching list page 21 (21/574)...
[discover] Fetching list page 22 (22/574)...
[pintradingdb] Unexpected status 508 for 'list page 22' (attempt 1/5)
[discover] Fetching list page 23 (23/574)...
[discover] Fetching list page 24 (24/574)...
[discover] Fetching list page 25 (25/574)...
[discover] Fetching list page 26 (26/574)...
[discover] Fetching list page 27 (27/574)...
[discover] Fetching list page 28 (28/574)...
[discover] Fetching list page 29 (29/574)...
[discover] Fetching list page 30 (30/574)...
[discover] Progress: 30/574 pages, 3000 pins found
[discover] Fetching list page 31 (31/574)...
[discover] Fetching list page 32 (32/574)...
[discover] Fetching list page 33 (33/574)...
[pintradingdb] Unexpected status 508 for 'list page 33' (attempt 1/5)
[pintradingdb] Unexpected status 508 for 'list page 33' (attempt 2/5)
[pintradingdb] Unexpected status 508 for 'list page 33' (attempt 3/5)
[discover] Fetching list page 34 (34/574)...
[discover] Fetching list page 35 (35/574)...
[pintradingdb] Unexpected status 508 for 'list page 35' (attempt 1/5)
[discover] Fetching list page 36 (36/574)...
[discover] Fetching list page 37 (37/574)...
[discover] Fetching list page 38 (38/574)...
[discover] Fetching list page 39 (39/574)...
[discover] Fetching list page 40 (40/574)...
[discover] Progress: 40/574 pages, 4000 pins found
[discover] Fetching list page 41 (41/574)...
[discover] Fetching list page 42 (42/574)...
[discover] Fetching list page 43 (43/574)...
[discover] Fetching list page 44 (44/574)...
[discover] Fetching list page 45 (45/574)...
[discover] Fetching list page 46 (46/574)...
[discover] Fetching list page 47 (47/574)...
[discover] Fetching list page 48 (48/574)...
[discover] Fetching list page 49 (49/574)...
[discover] Fetching list page 50 (50/574)...
[discover] Progress: 50/574 pages, 5000 pins found
[discover] Fetching list page 51 (51/574)...
[discover] Fetching list page 52 (52/574)...
[pintradingdb] Unexpected status 508 for 'list page 52' (attempt 1/5)
[pintradingdb] Unexpected status 508 for 'list page 52' (attempt 2/5)
[discover] Fetching list page 53 (53/574)...
[discover] Fetching list page 54 (54/574)...
[discover] Fetching list page 55 (55/574)...
[discover] Fetching list page 56 (56/574)...
[discover] Fetching list page 57 (57/574)...
[discover] Fetching list page 58 (58/574)...
[discover] Fetching list page 59 (59/574)...
[discover] Fetching list page 60 (60/574)...
[discover] Progress: 60/574 pages, 6000 pins found
[discover] Fetching list page 61 (61/574)...
[discover] Fetching list page 62 (62/574)...
[discover] Fetching list page 63 (63/574)...
[discover] Fetching list page 64 (64/574)...
[discover] Fetching list page 65 (65/574)...
[discover] Fetching list page 66 (66/574)...
[discover] Fetching list page 67 (67/574)...
[discover] Fetching list page 68 (68/574)...
[discover] Fetching list page 69 (69/574)...
[discover] Fetching list page 70 (70/574)...
[pintradingdb] Unexpected status 508 for 'list page 70' (attempt 1/5)
[discover] Progress: 70/574 pages, 7000 pins found
[discover] Fetching list page 71 (71/574)...
[discover] Fetching list page 72 (72/574)...
[discover] Fetching list page 73 (73/574)...
[discover] Fetching list page 74 (74/574)...
[pintradingdb] Unexpected status 508 for 'list page 74' (attempt 1/5)
[discover] Fetching list page 75 (75/574)...
[discover] Fetching list page 76 (76/574)...
[discover] Fetching list page 77 (77/574)...
[discover] Fetching list page 78 (78/574)...
[discover] Fetching list page 79 (79/574)...
[discover] Fetching list page 80 (80/574)...
[discover] Progress: 80/574 pages, 8000 pins found
[discover] Fetching list page 81 (81/574)...
[discover] Fetching list page 82 (82/574)...
[discover] Fetching list page 83 (83/574)...
[discover] Fetching list page 84 (84/574)...
[discover] Fetching list page 85 (85/574)...
[discover] Fetching list page 86 (86/574)...
[discover] Fetching list page 87 (87/574)...
[discover] Fetching list page 88 (88/574)...
[discover] Fetching list page 89 (89/574)...
[discover] Fetching list page 90 (90/574)...
[discover] Progress: 90/574 pages, 9000 pins found
[discover] Fetching list page 91 (91/574)...
[discover] Fetching list page 92 (92/574)...
[discover] Fetching list page 93 (93/574)...
[discover] Fetching list page 94 (94/574)...
[discover] Fetching list page 95 (95/574)...
[discover] Fetching list page 96 (96/574)...
[discover] Fetching list page 97 (97/574)...
[discover] Fetching list page 98 (98/574)...
[discover] Fetching list page 99 (99/574)...
[discover] Fetching list page 100 (100/574)...
[discover] Progress: 100/574 pages, 10000 pins found
[discover] Fetching list page 101 (101/574)...
[pintradingdb] Unexpected status 508 for 'list page 101' (attempt 1/5)
[discover] Fetching list page 102 (102/574)...
[discover] Fetching list page 103 (103/574)...
[discover] Fetching list page 104 (104/574)...
[discover] Fetching list page 105 (105/574)...
[discover] Fetching list page 106 (106/574)...
[discover] Fetching list page 107 (107/574)...
[discover] Fetching list page 108 (108/574)...
[discover] Fetching list page 109 (109/574)...
[discover] Fetching list page 110 (110/574)...
[discover] Progress: 110/574 pages, 11000 pins found
[discover] Fetching list page 111 (111/574)...
[discover] Fetching list page 112 (112/574)...
[discover] Fetching list page 113 (113/574)...
[discover] Fetching list page 114 (114/574)...
[discover] Fetching list page 115 (115/574)...
[discover] Fetching list page 116 (116/574)...
[discover] Fetching list page 117 (117/574)...
[discover] Fetching list page 118 (118/574)...
[discover] Fetching list page 119 (119/574)...
[discover] Fetching list page 120 (120/574)...
[discover] Progress: 120/574 pages, 12000 pins found
[discover] Fetching list page 121 (121/574)...
[discover] Fetching list page 122 (122/574)...
[discover] Fetching list page 123 (123/574)...
[discover] Fetching list page 124 (124/574)...
[discover] Fetching list page 125 (125/574)...
[discover] Fetching list page 126 (126/574)...
[discover] Fetching list page 127 (127/574)...
[discover] Fetching list page 128 (128/574)...
[discover] Fetching list page 129 (129/574)...
[discover] Fetching list page 130 (130/574)...
[discover] Progress: 130/574 pages, 13000 pins found
[discover] Fetching list page 131 (131/574)...
[discover] Fetching list page 132 (132/574)...
[discover] Fetching list page 133 (133/574)...
[discover] Fetching list page 134 (134/574)...
[discover] Fetching list page 135 (135/574)...
[discover] Fetching list page 136 (136/574)...
[discover] Fetching list page 137 (137/574)...
[discover] Fetching list page 138 (138/574)...
[discover] Fetching list page 139 (139/574)...
[pintradingdb] Unexpected status 508 for 'list page 139' (attempt 1/5)
[discover] Fetching list page 140 (140/574)...
[discover] Progress: 140/574 pages, 14000 pins found
[discover] Fetching list page 141 (141/574)...
[pintradingdb] Unexpected status 508 for 'list page 141' (attempt 1/5)
[discover] Fetching list page 142 (142/574)...
[discover] Fetching list page 143 (143/574)...
[discover] Fetching list page 144 (144/574)...
[discover] Fetching list page 145 (145/574)...
[pintradingdb] Unexpected status 508 for 'list page 145' (attempt 1/5)
[discover] Fetching list page 146 (146/574)...
[discover] Fetching list page 147 (147/574)...
[discover] Fetching list page 148 (148/574)...
[discover] Fetching list page 149 (149/574)...
[discover] Fetching list page 150 (150/574)...
[discover] Progress: 150/574 pages, 15000 pins found
[discover] Fetching list page 151 (151/574)...
[discover] Fetching list page 152 (152/574)...
[discover] Fetching list page 153 (153/574)...
[pintradingdb] Unexpected status 508 for 'list page 153' (attempt 1/5)
[discover] Fetching list page 154 (154/574)...
[pintradingdb] Unexpected status 508 for 'list page 154' (attempt 1/5)
[discover] Fetching list page 155 (155/574)...
[pintradingdb] Unexpected status 508 for 'list page 155' (attempt 1/5)
[discover] Fetching list page 156 (156/574)...
[discover] Fetching list page 157 (157/574)...
[discover] Fetching list page 158 (158/574)...
[pintradingdb] Unexpected status 508 for 'list page 158' (attempt 1/5)
[pintradingdb] Unexpected status 508 for 'list page 158' (attempt 2/5)
[discover] Fetching list page 159 (159/574)...
[discover] Fetching list page 160 (160/574)...
[discover] Progress: 160/574 pages, 16000 pins found
[discover] Fetching list page 161 (161/574)...
[discover] Fetching list page 162 (162/574)...
[discover] Fetching list page 163 (163/574)...
[discover] Fetching list page 164 (164/574)...
[discover] Fetching list page 165 (165/574)...
[pintradingdb] Unexpected status 508 for 'list page 165' (attempt 1/5)
[pintradingdb] Unexpected status 508 for 'list page 165' (attempt 2/5)
[discover] Fetching list page 166 (166/574)...
[discover] Fetching list page 167 (167/574)...
[discover] Fetching list page 168 (168/574)...
[discover] Fetching list page 169 (169/574)...
[discover] Fetching list page 170 (170/574)...
[discover] Progress: 170/574 pages, 17000 pins found
[discover] Fetching list page 171 (171/574)...
[pintradingdb] Unexpected status 508 for 'list page 171' (attempt 1/5)
[discover] Fetching list page 172 (172/574)...
[discover] Fetching list page 173 (173/574)...
[discover] Fetching list page 174 (174/574)...
[discover] Fetching list page 175 (175/574)...
[discover] Fetching list page 176 (176/574)...
[discover] Fetching list page 177 (177/574)...
[discover] Fetching list page 178 (178/574)...
[discover] Fetching list page 179 (179/574)...
[discover] Fetching list page 180 (180/574)...
[discover] Progress: 180/574 pages, 18000 pins found
[discover] Fetching list page 181 (181/574)...
[discover] Fetching list page 182 (182/574)...
[discover] Fetching list page 183 (183/574)...
[discover] Fetching list page 184 (184/574)...
[discover] Fetching list page 185 (185/574)...
[discover] Fetching list page 186 (186/574)...
[discover] Fetching list page 187 (187/574)...
[discover] Fetching list page 188 (188/574)...
[discover] Fetching list page 189 (189/574)...
[discover] Fetching list page 190 (190/574)...
[discover] Progress: 190/574 pages, 19000 pins found
[discover] Fetching list page 191 (191/574)...
[discover] Fetching list page 192 (192/574)...
[discover] Fetching list page 193 (193/574)...
[discover] Fetching list page 194 (194/574)...
[discover] Fetching list page 195 (195/574)...
[discover] Fetching list page 196 (196/574)...
[discover] Fetching list page 197 (197/574)...
[discover] Fetching list page 198 (198/574)...
[pintradingdb] Unexpected status 508 for 'list page 198' (attempt 1/5)
[discover] Fetching list page 199 (199/574)...
[discover] Fetching list page 200 (200/574)...
[discover] Progress: 200/574 pages, 20000 pins found
[discover] Fetching list page 201 (201/574)...
[discover] Fetching list page 202 (202/574)...
[discover] Fetching list page 203 (203/574)...
[discover] Fetching list page 204 (204/574)...
[discover] Fetching list page 205 (205/574)...
[discover] Fetching list page 206 (206/574)...
[discover] Fetching list page 207 (207/574)...
[discover] Fetching list page 208 (208/574)...
[discover] Fetching list page 209 (209/574)...
[discover] Fetching list page 210 (210/574)...
[pintradingdb] Unexpected status 508 for 'list page 210' (attempt 1/5)
[discover] Progress: 210/574 pages, 21000 pins found
[discover] Fetching list page 211 (211/574)...
[discover] Fetching list page 212 (212/574)...
[discover] Fetching list page 213 (213/574)...
[discover] Fetching list page 214 (214/574)...
[discover] Fetching list page 215 (215/574)...
[discover] Fetching list page 216 (216/574)...
[discover] Fetching list page 217 (217/574)...
[discover] Fetching list page 218 (218/574)...
[discover] Fetching list page 219 (219/574)...
[discover] Fetching list page 220 (220/574)...
[discover] Progress: 220/574 pages, 22000 pins found
[discover] Fetching list page 221 (221/574)...
[pintradingdb] Unexpected status 508 for 'list page 221' (attempt 1/5)
[discover] Fetching list page 222 (222/574)...
[discover] Fetching list page 223 (223/574)...
[discover] Fetching list page 224 (224/574)...
[discover] Fetching list page 225 (225/574)...
[discover] Fetching list page 226 (226/574)...
[discover] Fetching list page 227 (227/574)...
[discover] Fetching list page 228 (228/574)...
[discover] Fetching list page 229 (229/574)...
[discover] Fetching list page 230 (230/574)...
[discover] Progress: 230/574 pages, 23000 pins found
[discover] Fetching list page 231 (231/574)...
[discover] Fetching list page 232 (232/574)...
[discover] Fetching list page 233 (233/574)...
[discover] Fetching list page 234 (234/574)...
[discover] Fetching list page 235 (235/574)...
[discover] Fetching list page 236 (236/574)...
[discover] Fetching list page 237 (237/574)...
[discover] Fetching list page 238 (238/574)...
[discover] Fetching list page 239 (239/574)...
[discover] Fetching list page 240 (240/574)...
[discover] Progress: 240/574 pages, 24000 pins found
[discover] Fetching list page 241 (241/574)...
[discover] Fetching list page 242 (242/574)...
[discover] Fetching list page 243 (243/574)...
[discover] Fetching list page 244 (244/574)...
[discover] Fetching list page 245 (245/574)...
[discover] Fetching list page 246 (246/574)...
[discover] Fetching list page 247 (247/574)...
[discover] Fetching list page 248 (248/574)...
[discover] Fetching list page 249 (249/574)...
[discover] Fetching list page 250 (250/574)...
[discover] Progress: 250/574 pages, 25000 pins found
[discover] Fetching list page 251 (251/574)...
[discover] Fetching list page 252 (252/574)...
[discover] Fetching list page 253 (253/574)...
[pintradingdb] Unexpected status 508 for 'list page 253' (attempt 1/5)
[discover] Fetching list page 254 (254/574)...
[discover] Fetching list page 255 (255/574)...
[discover] Fetching list page 256 (256/574)...
[discover] Fetching list page 257 (257/574)...
[discover] Fetching list page 258 (258/574)...
[discover] Fetching list page 259 (259/574)...
[discover] Fetching list page 260 (260/574)...
[discover] Progress: 260/574 pages, 26000 pins found
[discover] Fetching list page 261 (261/574)...
[discover] Fetching list page 262 (262/574)...
[discover] Fetching list page 263 (263/574)...
[discover] Fetching list page 264 (264/574)...
[discover] Fetching list page 265 (265/574)...
[discover] Fetching list page 266 (266/574)...
[discover] Fetching list page 267 (267/574)...
[discover] Fetching list page 268 (268/574)...
[discover] Fetching list page 269 (269/574)...
[discover] Fetching list page 270 (270/574)...
[discover] Progress: 270/574 pages, 27000 pins found
[discover] Fetching list page 271 (271/574)...
[discover] Fetching list page 272 (272/574)...
[pintradingdb] Unexpected status 508 for 'list page 272' (attempt 1/5)
[discover] Fetching list page 273 (273/574)...
[discover] Fetching list page 274 (274/574)...
[pintradingdb] Unexpected status 508 for 'list page 274' (attempt 1/5)
[discover] Fetching list page 275 (275/574)...
[pintradingdb] Unexpected status 508 for 'list page 275' (attempt 1/5)
[pintradingdb] Unexpected status 508 for 'list page 275' (attempt 2/5)
[discover] Fetching list page 276 (276/574)...
[discover] Fetching list page 277 (277/574)...
[pintradingdb] Unexpected status 508 for 'list page 277' (attempt 1/5)
[discover] Fetching list page 278 (278/574)...
[discover] Fetching list page 279 (279/574)...
[pintradingdb] Unexpected status 508 for 'list page 279' (attempt 1/5)
[discover] Fetching list page 280 (280/574)...
[pintradingdb] Unexpected status 508 for 'list page 280' (attempt 1/5)
[discover] Progress: 280/574 pages, 28000 pins found
[discover] Fetching list page 281 (281/574)...
[discover] Fetching list page 282 (282/574)...
[discover] Fetching list page 283 (283/574)...
[discover] Fetching list page 284 (284/574)...
[pintradingdb] Unexpected status 508 for 'list page 284' (attempt 1/5)
[pintradingdb] Unexpected status 508 for 'list page 284' (attempt 2/5)
[discover] Fetching list page 285 (285/574)...
[discover] Fetching list page 286 (286/574)...
[discover] Fetching list page 287 (287/574)...
[discover] Fetching list page 288 (288/574)...
[discover] Fetching list page 289 (289/574)...
[discover] Fetching list page 290 (290/574)...
[discover] Progress: 290/574 pages, 29000 pins found
[discover] Fetching list page 291 (291/574)...
[discover] Fetching list page 292 (292/574)...
[discover] Fetching list page 293 (293/574)...
[pintradingdb] Unexpected status 508 for 'list page 293' (attempt 1/5)
[pintradingdb] Unexpected status 508 for 'list page 293' (attempt 2/5)
[discover] Fetching list page 294 (294/574)...
[discover] Fetching list page 295 (295/574)...
[discover] Fetching list page 296 (296/574)...
[discover] Fetching list page 297 (297/574)...
[discover] Fetching list page 298 (298/574)...
[discover] Fetching list page 299 (299/574)...
[discover] Fetching list page 300 (300/574)...
[discover] Progress: 300/574 pages, 30000 pins found
[discover] Fetching list page 301 (301/574)...
[discover] Fetching list page 302 (302/574)...
[discover] Fetching list page 303 (303/574)...
[discover] Fetching list page 304 (304/574)...
[discover] Fetching list page 305 (305/574)...
[discover] Fetching list page 306 (306/574)...
[discover] Fetching list page 307 (307/574)...
[discover] Fetching list page 308 (308/574)...
[discover] Fetching list page 309 (309/574)...
[discover] Fetching list page 310 (310/574)...
[discover] Progress: 310/574 pages, 31000 pins found
[discover] Fetching list page 311 (311/574)...
[pintradingdb] Unexpected status 508 for 'list page 311' (attempt 1/5)
[discover] Fetching list page 312 (312/574)...
[pintradingdb] Unexpected status 508 for 'list page 312' (attempt 1/5)
[discover] Fetching list page 313 (313/574)...
[discover] Fetching list page 314 (314/574)...
[discover] Fetching list page 315 (315/574)...
[discover] Fetching list page 316 (316/574)...
[discover] Fetching list page 317 (317/574)...
[pintradingdb] Unexpected status 508 for 'list page 317' (attempt 1/5)
[pintradingdb] Unexpected status 508 for 'list page 317' (attempt 2/5)
[discover] Fetching list page 318 (318/574)...
[pintradingdb] Unexpected status 508 for 'list page 318' (attempt 1/5)
[pintradingdb] Unexpected status 508 for 'list page 318' (attempt 2/5)
[pintradingdb] Unexpected status 508 for 'list page 318' (attempt 3/5)
[discover] Fetching list page 319 (319/574)...
[discover] Fetching list page 320 (320/574)...
[discover] Progress: 320/574 pages, 32000 pins found
[discover] Fetching list page 321 (321/574)...
[discover] Fetching list page 322 (322/574)...
[discover] Fetching list page 323 (323/574)...
[discover] Fetching list page 324 (324/574)...
[discover] Fetching list page 325 (325/574)...
[pintradingdb] Unexpected status 508 for 'list page 325' (attempt 1/5)
[discover] Fetching list page 326 (326/574)...
[discover] Fetching list page 327 (327/574)...
[discover] Fetching list page 328 (328/574)...
[discover] Fetching list page 329 (329/574)...
[discover] Fetching list page 330 (330/574)...
[discover] Progress: 330/574 pages, 33000 pins found
[discover] Fetching list page 331 (331/574)...
[discover] Fetching list page 332 (332/574)...
[pintradingdb] Unexpected status 508 for 'list page 332' (attempt 1/5)
[pintradingdb] Unexpected status 508 for 'list page 332' (attempt 2/5)
[discover] Fetching list page 333 (333/574)...
[discover] Fetching list page 334 (334/574)...
[discover] Fetching list page 335 (335/574)...
[discover] Fetching list page 336 (336/574)...
[pintradingdb] Unexpected status 508 for 'list page 336' (attempt 1/5)
[discover] Fetching list page 337 (337/574)...
[discover] Fetching list page 338 (338/574)...
[discover] Fetching list page 339 (339/574)...
[discover] Fetching list page 340 (340/574)...
[discover] Progress: 340/574 pages, 34000 pins found
[discover] Fetching list page 341 (341/574)...
[discover] Fetching list page 342 (342/574)...
[discover] Fetching list page 343 (343/574)...
[discover] Fetching list page 344 (344/574)...
[discover] Fetching list page 345 (345/574)...
[discover] Fetching list page 346 (346/574)...
[discover] Fetching list page 347 (347/574)...
[discover] Fetching list page 348 (348/574)...
[discover] Fetching list page 349 (349/574)...
[discover] Fetching list page 350 (350/574)...
[discover] Progress: 350/574 pages, 35000 pins found
[discover] Fetching list page 351 (351/574)...
[discover] Fetching list page 352 (352/574)...
[discover] Fetching list page 353 (353/574)...
[discover] Fetching list page 354 (354/574)...
[pintradingdb] Unexpected status 508 for 'list page 354' (attempt 1/5)
[pintradingdb] Unexpected status 508 for 'list page 354' (attempt 2/5)
[discover] Fetching list page 355 (355/574)...
[discover] Fetching list page 356 (356/574)...
[discover] Fetching list page 357 (357/574)...
[discover] Fetching list page 358 (358/574)...
[discover] Fetching list page 359 (359/574)...
[discover] Fetching list page 360 (360/574)...
[discover] Progress: 360/574 pages, 36000 pins found
[discover] Fetching list page 361 (361/574)...
[discover] Fetching list page 362 (362/574)...
[discover] Fetching list page 363 (363/574)...
[discover] Fetching list page 364 (364/574)...
[discover] Fetching list page 365 (365/574)...
[discover] Fetching list page 366 (366/574)...
[discover] Fetching list page 367 (367/574)...
[discover] Fetching list page 368 (368/574)...
[discover] Fetching list page 369 (369/574)...
[pintradingdb] Unexpected status 508 for 'list page 369' (attempt 1/5)
[discover] Fetching list page 370 (370/574)...
[pintradingdb] Unexpected status 508 for 'list page 370' (attempt 1/5)
[discover] Progress: 370/574 pages, 37000 pins found
[discover] Fetching list page 371 (371/574)...
[discover] Fetching list page 372 (372/574)...
[discover] Fetching list page 373 (373/574)...
[discover] Fetching list page 374 (374/574)...
[discover] Fetching list page 375 (375/574)...
[discover] Fetching list page 376 (376/574)...
[discover] Fetching list page 377 (377/574)...
[discover] Fetching list page 378 (378/574)...
[discover] Fetching list page 379 (379/574)...
[discover] Fetching list page 380 (380/574)...
[discover] Progress: 380/574 pages, 38000 pins found
[discover] Fetching list page 381 (381/574)...
[discover] Fetching list page 382 (382/574)...
[discover] Fetching list page 383 (383/574)...
[discover] Fetching list page 384 (384/574)...
[discover] Fetching list page 385 (385/574)...
[pintradingdb] Unexpected status 508 for 'list page 385' (attempt 1/5)
[discover] Fetching list page 386 (386/574)...
[pintradingdb] Unexpected status 508 for 'list page 386' (attempt 1/5)
[discover] Fetching list page 387 (387/574)...
[discover] Fetching list page 388 (388/574)...
[discover] Fetching list page 389 (389/574)...
[discover] Fetching list page 390 (390/574)...
[discover] Progress: 390/574 pages, 39000 pins found
[discover] Fetching list page 391 (391/574)...
[discover] Fetching list page 392 (392/574)...
[discover] Fetching list page 393 (393/574)...
[discover] Fetching list page 394 (394/574)...
[discover] Fetching list page 395 (395/574)...
[discover] Fetching list page 396 (396/574)...
[discover] Fetching list page 397 (397/574)...
[discover] Fetching list page 398 (398/574)...
[discover] Fetching list page 399 (399/574)...
[discover] Fetching list page 400 (400/574)...
[pintradingdb] Unexpected status 508 for 'list page 400' (attempt 1/5)
[discover] Progress: 400/574 pages, 40000 pins found
[discover] Fetching list page 401 (401/574)...
[discover] Fetching list page 402 (402/574)...
[discover] Fetching list page 403 (403/574)...
[discover] Fetching list page 404 (404/574)...
[discover] Fetching list page 405 (405/574)...
[discover] Fetching list page 406 (406/574)...
[discover] Fetching list page 407 (407/574)...
[discover] Fetching list page 408 (408/574)...
[discover] Fetching list page 409 (409/574)...
[discover] Fetching list page 410 (410/574)...
[discover] Progress: 410/574 pages, 41000 pins found
[discover] Fetching list page 411 (411/574)...
[pintradingdb] Unexpected status 508 for 'list page 411' (attempt 1/5)
[pintradingdb] Unexpected status 508 for 'list page 411' (attempt 2/5)
[discover] Fetching list page 412 (412/574)...
[discover] Fetching list page 413 (413/574)...
[discover] Fetching list page 414 (414/574)...
[pintradingdb] Unexpected status 508 for 'list page 414' (attempt 1/5)
[pintradingdb] Unexpected status 508 for 'list page 414' (attempt 2/5)
[pintradingdb] Unexpected status 508 for 'list page 414' (attempt 3/5)
[discover] Fetching list page 415 (415/574)...
[discover] Fetching list page 416 (416/574)...
[discover] Fetching list page 417 (417/574)...
[pintradingdb] Unexpected status 508 for 'list page 417' (attempt 1/5)
[discover] Fetching list page 418 (418/574)...
[discover] Fetching list page 419 (419/574)...
[pintradingdb] Unexpected status 508 for 'list page 419' (attempt 1/5)
[discover] Fetching list page 420 (420/574)...
[discover] Progress: 420/574 pages, 42000 pins found
[discover] Fetching list page 421 (421/574)...
[discover] Fetching list page 422 (422/574)...
[pintradingdb] Unexpected status 508 for 'list page 422' (attempt 1/5)
[pintradingdb] Unexpected status 508 for 'list page 422' (attempt 2/5)
[discover] Fetching list page 423 (423/574)...
[discover] Fetching list page 424 (424/574)...
[pintradingdb] Unexpected status 508 for 'list page 424' (attempt 1/5)
[discover] Fetching list page 425 (425/574)...
[pintradingdb] Unexpected status 508 for 'list page 425' (attempt 1/5)
[discover] Fetching list page 426 (426/574)...
[discover] Fetching list page 427 (427/574)...
[discover] Fetching list page 428 (428/574)...
[discover] Fetching list page 429 (429/574)...
[discover] Fetching list page 430 (430/574)...
[discover] Progress: 430/574 pages, 43000 pins found
[discover] Fetching list page 431 (431/574)...
[discover] Fetching list page 432 (432/574)...
[discover] Fetching list page 433 (433/574)...
[discover] Fetching list page 434 (434/574)...
[discover] Fetching list page 435 (435/574)...
[discover] Fetching list page 436 (436/574)...
[discover] Fetching list page 437 (437/574)...
[discover] Fetching list page 438 (438/574)...
[discover] Fetching list page 439 (439/574)...
[discover] Fetching list page 440 (440/574)...
[discover] Progress: 440/574 pages, 44000 pins found
[discover] Fetching list page 441 (441/574)...
[discover] Fetching list page 442 (442/574)...
[discover] Fetching list page 443 (443/574)...
[discover] Fetching list page 444 (444/574)...
[discover] Fetching list page 445 (445/574)...
[discover] Fetching list page 446 (446/574)...
[pintradingdb] Unexpected status 508 for 'list page 446' (attempt 1/5)
[discover] Fetching list page 447 (447/574)...
[discover] Fetching list page 448 (448/574)...
[discover] Fetching list page 449 (449/574)...
[discover] Fetching list page 450 (450/574)...
[discover] Progress: 450/574 pages, 45000 pins found
[discover] Fetching list page 451 (451/574)...
[discover] Fetching list page 452 (452/574)...
[discover] Fetching list page 453 (453/574)...
[discover] Fetching list page 454 (454/574)...
[discover] Fetching list page 455 (455/574)...
[discover] Fetching list page 456 (456/574)...
[discover] Fetching list page 457 (457/574)...
[discover] Fetching list page 458 (458/574)...
[discover] Fetching list page 459 (459/574)...
[discover] Fetching list page 460 (460/574)...
[discover] Progress: 460/574 pages, 46000 pins found
[discover] Fetching list page 461 (461/574)...
[discover] Fetching list page 462 (462/574)...
[discover] Fetching list page 463 (463/574)...
[discover] Fetching list page 464 (464/574)...
[discover] Fetching list page 465 (465/574)...
[discover] Fetching list page 466 (466/574)...
[discover] Fetching list page 467 (467/574)...
[discover] Fetching list page 468 (468/574)...
[discover] Fetching list page 469 (469/574)...
[discover] Fetching list page 470 (470/574)...
[discover] Progress: 470/574 pages, 47000 pins found
[discover] Fetching list page 471 (471/574)...
[discover] Fetching list page 472 (472/574)...
[discover] Fetching list page 473 (473/574)...
[discover] Fetching list page 474 (474/574)...
[discover] Fetching list page 475 (475/574)...
[discover] Fetching list page 476 (476/574)...
[discover] Fetching list page 477 (477/574)...
[discover] Fetching list page 478 (478/574)...
[discover] Fetching list page 479 (479/574)...
[discover] Fetching list page 480 (480/574)...
[discover] Progress: 480/574 pages, 48000 pins found
[discover] Fetching list page 481 (481/574)...
[discover] Fetching list page 482 (482/574)...
[discover] Fetching list page 483 (483/574)...
[discover] Fetching list page 484 (484/574)...
[discover] Fetching list page 485 (485/574)...
[discover] Fetching list page 486 (486/574)...
[discover] Fetching list page 487 (487/574)...
[discover] Fetching list page 488 (488/574)...
[discover] Fetching list page 489 (489/574)...
[discover] Fetching list page 490 (490/574)...
[discover] Progress: 490/574 pages, 49000 pins found
[discover] Fetching list page 491 (491/574)...
[discover] Fetching list page 492 (492/574)...
[discover] Fetching list page 493 (493/574)...
[discover] Fetching list page 494 (494/574)...
[discover] Fetching list page 495 (495/574)...
[discover] Fetching list page 496 (496/574)...
[discover] Fetching list page 497 (497/574)...
[discover] Fetching list page 498 (498/574)...
[discover] Fetching list page 499 (499/574)...
[discover] Fetching list page 500 (500/574)...
[discover] Progress: 500/574 pages, 50000 pins found
[discover] Fetching list page 501 (501/574)...
[discover] Fetching list page 502 (502/574)...
[discover] Fetching list page 503 (503/574)...
[discover] Fetching list page 504 (504/574)...
[discover] Fetching list page 505 (505/574)...
[discover] Fetching list page 506 (506/574)...
[discover] Fetching list page 507 (507/574)...
[discover] Fetching list page 508 (508/574)...
[discover] Fetching list page 509 (509/574)...
[discover] Fetching list page 510 (510/574)...
[discover] Progress: 510/574 pages, 51000 pins found
[discover] Fetching list page 511 (511/574)...
[discover] Fetching list page 512 (512/574)...
[discover] Fetching list page 513 (513/574)...
[discover] Fetching list page 514 (514/574)...
[discover] Fetching list page 515 (515/574)...
[discover] Fetching list page 516 (516/574)...
[discover] Fetching list page 517 (517/574)...
[discover] Fetching list page 518 (518/574)...
[discover] Fetching list page 519 (519/574)...
[discover] Fetching list page 520 (520/574)...
[discover] Progress: 520/574 pages, 52000 pins found
[discover] Fetching list page 521 (521/574)...
[discover] Fetching list page 522 (522/574)...
[discover] Fetching list page 523 (523/574)...
[discover] Fetching list page 524 (524/574)...
[discover] Fetching list page 525 (525/574)...
[discover] Fetching list page 526 (526/574)...
[discover] Fetching list page 527 (527/574)...
[discover] Fetching list page 528 (528/574)...
[discover] Fetching list page 529 (529/574)...
[discover] Fetching list page 530 (530/574)...
[discover] Progress: 530/574 pages, 53000 pins found
[discover] Fetching list page 531 (531/574)...
[discover] Fetching list page 532 (532/574)...
[discover] Fetching list page 533 (533/574)...
[discover] Fetching list page 534 (534/574)...
[discover] Fetching list page 535 (535/574)...
[discover] Fetching list page 536 (536/574)...
[discover] Fetching list page 537 (537/574)...
[discover] Fetching list page 538 (538/574)...
[discover] Fetching list page 539 (539/574)...
[discover] Fetching list page 540 (540/574)...
[discover] Progress: 540/574 pages, 54000 pins found
[discover] Fetching list page 541 (541/574)...
[discover] Fetching list page 542 (542/574)...
[discover] Fetching list page 543 (543/574)...
[discover] Fetching list page 544 (544/574)...
[discover] Fetching list page 545 (545/574)...
[discover] Fetching list page 546 (546/574)...
[discover] Fetching list page 547 (547/574)...
[discover] Fetching list page 548 (548/574)...
[discover] Fetching list page 549 (549/574)...
[discover] Fetching list page 550 (550/574)...
[discover] Progress: 550/574 pages, 55000 pins found
[discover] Fetching list page 551 (551/574)...
[discover] Fetching list page 552 (552/574)...
[discover] Fetching list page 553 (553/574)...
[discover] Fetching list page 554 (554/574)...
[discover] Fetching list page 555 (555/574)...
[discover] Fetching list page 556 (556/574)...
[discover] Fetching list page 557 (557/574)...
[discover] Fetching list page 558 (558/574)...
[discover] Fetching list page 559 (559/574)...
[discover] Fetching list page 560 (560/574)...
[discover] Progress: 560/574 pages, 56000 pins found
[discover] Fetching list page 561 (561/574)...
[discover] Fetching list page 562 (562/574)...
[discover] Fetching list page 563 (563/574)...
[discover] Fetching list page 564 (564/574)...
[discover] Fetching list page 565 (565/574)...
[discover] Fetching list page 566 (566/574)...
[discover] Fetching list page 567 (567/574)...
[discover] Fetching list page 568 (568/574)...
[discover] Fetching list page 569 (569/574)...
[discover] Fetching list page 570 (570/574)...
[discover] Progress: 570/574 pages, 57000 pins found
[discover] Fetching list page 571 (571/574)...
[discover] Fetching list page 572 (572/574)...
[discover] Fetching list page 573 (573/574)...
[discover] Fetching list page 574 (574/574)...
[discover] Progress: 574/574 pages, 57306 pins found
[scraper] Discovered 57306 pin IDs total.
[scraper] Processing 57306 pins (est. 200.9h at 0.165 RPS)...
[progress] 10/57306 pins (0%) | 10 collected | 0 errors | ETA: 123.3h
[progress] 20/57306 pins (0%) | 20 collected | 0 errors | ETA: 113.6h
[pause] Cooling down 10s...
[pintradingdb] 429 rate limited for 'pin 59688', waiting 10s (attempt 1/5)
[progress] 30/57306 pins (0%) | 30 collected | 0 errors | ETA: 116.3h
[progress] 40/57306 pins (0%) | 40 collected | 0 errors | ETA: 111.3h
[pause] Cooling down 10s...
[progress] 50/57306 pins (0%) | 50 collected | 0 errors | ETA: 109.9h
[pintradingdb] 429 rate limited for 'pin 59654', waiting 10s (attempt 1/5)
[progress] 60/57306 pins (0%) | 60 collected | 0 errors | ETA: 110.4h
[pause] Cooling down 10s...
[pintradingdb] 429 rate limited for 'pin 59645', waiting 10s (attempt 1/5)
[progress] 70/57306 pins (0%) | 70 collected | 0 errors | ETA: 112.4h
[progress] 80/57306 pins (0%) | 80 collected | 0 errors | ETA: 109.9h
[pause] Cooling down 10s...
[progress] 90/57306 pins (0%) | 90 collected | 0 errors | ETA: 109.3h
[progress] 100/57306 pins (0%) | 100 collected | 0 errors | ETA: 108.0h
[checkpoint] Saved 100 entries
[pause] Cooling down 10s...
[progress] 110/57306 pins (0%) | 110 collected | 0 errors | ETA: 107.6h
[progress] 120/57306 pins (0%) | 120 collected | 0 errors | ETA: 106.6h
[pause] Cooling down 10s...
[progress] 130/57306 pins (0%) | 130 collected | 0 errors | ETA: 106.8h
[progress] 140/57306 pins (0%) | 140 collected | 0 errors | ETA: 105.7h
[pause] Cooling down 10s...
[progress] 150/57306 pins (0%) | 150 collected | 0 errors | ETA: 105.6h
[progress] 160/57306 pins (0%) | 160 collected | 0 errors | ETA: 105.3h
[pause] Cooling down 10s...
[progress] 170/57306 pins (0%) | 170 collected | 0 errors | ETA: 105.2h
[progress] 180/57306 pins (0%) | 180 collected | 0 errors | ETA: 104.7h
[pause] Cooling down 10s...
[progress] 190/57306 pins (0%) | 190 collected | 0 errors | ETA: 104.7h
[pintradingdb] 429 rate limited for 'pin 59512', waiting 10s (attempt 1/5)
[progress] 200/57306 pins (0%) | 200 collected | 0 errors | ETA: 105.1h
[checkpoint] Saved 200 entries
[pause] Cooling down 10s...
[progress] 210/57306 pins (0%) | 210 collected | 0 errors | ETA: 105.1h
[progress] 220/57306 pins (0%) | 220 collected | 0 errors | ETA: 104.6h
[pause] Cooling down 10s...
[progress] 230/57306 pins (0%) | 230 collected | 0 errors | ETA: 104.6h
[pintradingdb] 429 rate limited for 'pin 59471', waiting 10s (attempt 1/5)
[progress] 240/57306 pins (0%) | 240 collected | 0 errors | ETA: 104.9h
[pause] Cooling down 10s...
[pintradingdb] 429 rate limited for 'pin 59462', waiting 10s (attempt 1/5)
[progress] 250/57306 pins (0%) | 250 collected | 0 errors | ETA: 105.5h
[progress] 260/57306 pins (0%) | 260 collected | 0 errors | ETA: 105.1h
[pause] Cooling down 10s...
[progress] 270/57306 pins (0%) | 270 collected | 0 errors | ETA: 105.1h
[progress] 280/57306 pins (0%) | 280 collected | 0 errors | ETA: 104.7h
[pause] Cooling down 10s...
[progress] 290/57306 pins (0%) | 290 collected | 0 errors | ETA: 104.8h
[progress] 300/57306 pins (0%) | 300 collected | 0 errors | ETA: 104.4h
[checkpoint] Saved 300 entries
[pause] Cooling down 10s...
[progress] 310/57306 pins (0%) | 310 collected | 0 errors | ETA: 104.5h
[progress] 320/57306 pins (0%) | 320 collected | 0 errors | ETA: 104.0h
[pause] Cooling down 10s...
[progress] 330/57306 pins (0%) | 330 collected | 0 errors | ETA: 104.0h
[progress] 340/57306 pins (0%) | 340 collected | 0 errors | ETA: 103.8h
[pause] Cooling down 10s...
[progress] 350/57306 pins (0%) | 350 collected | 0 errors | ETA: 103.7h
[pintradingdb] 429 rate limited for 'pin 59352', waiting 10s (attempt 1/5)
[progress] 360/57306 pins (0%) | 360 collected | 0 errors | ETA: 104.0h
[pause] Cooling down 10s...
[pintradingdb] Error fetching 'pin 59349':  (attempt 1/5)
[progress] 370/57306 pins (0%) | 370 collected | 0 errors | ETA: 104.9h
[progress] 380/57306 pins (0%) | 380 collected | 0 errors | ETA: 105.4h
[pause] Cooling down 10s...
[progress] 390/57306 pins (0%) | 390 collected | 0 errors | ETA: 105.3h
[progress] 400/57306 pins (0%) | 400 collected | 0 errors | ETA: 105.1h
[checkpoint] Saved 400 entries
[pause] Cooling down 10s...
[progress] 410/57306 pins (0%) | 410 collected | 0 errors | ETA: 105.0h
[progress] 420/57306 pins (0%) | 420 collected | 0 errors | ETA: 104.8h
[pause] Cooling down 10s...
[progress] 430/57306 pins (0%) | 430 collected | 0 errors | ETA: 104.8h
